✔ [1/5] Built Cache.Cli (453ms)
✔ [2/5] Built Cache.Lean (486ms)
✔ [8/42] Built Cache.Lean:c.o (160ms)
✔ [9/42] Built Cache.Cli:c.o (162ms)
✔ [10/42] Built Cache.Env (568ms)
✔ [11/42] Built Cache.Env:c.o (166ms)
✔ [12/42] Built Cache.Infra (556ms)
✔ [13/42] Built Cache.Infra:c.o (245ms)
✔ [14/42] Built Cache.IO (1.8s)
✔ [15/42] Built Cache.Hashing (853ms)
✔ [16/42] Built Cache.Hashing:c.o (465ms)
✔ [17/42] Built Cache.IO:c.o (1.5s)
✔ [18/42] Built Cache.Requests (2.2s)
✔ [19/42] Built Cache.Marker (816ms)
✔ [20/42] Built Cache.Marker:c.o (153ms)
✔ [21/42] Built Cache.Upload.Dest (737ms)
✔ [22/42] Built Cache.Query (805ms)
✔ [23/42] Built Cache.Upload.Dest:c.o (123ms)
✔ [24/42] Built Cache.Query:c.o (296ms)
✔ [25/42] Built Cache.Upload.Curl (673ms)
✔ [26/42] Built Cache.Upload.Rclone (765ms)
✔ [27/42] Built Cache.Warning (764ms)
✔ [28/42] Built Cache.Upload.Curl:c.o (160ms)
✔ [29/42] Built Cache.Upload.Rclone:c.o (154ms)
✔ [30/42] Built Cache.Warning:c.o (219ms)
✔ [31/42] Built Cache.Requests:c.o (2.7s)
✔ [32/42] Built Cache.Upload.Azure (679ms)
✔ [33/42] Built Cache.Upload.Azure:c.o (115ms)
✔ [34/42] Built Cache.Upload.S3 (848ms)
✔ [35/42] Built Cache.Upload.S3:c.o (288ms)
✔ [36/42] Built Cache.Upload.Defs (630ms)
✔ [37/42] Built Cache.Upload.Defs:c.o (137ms)
✔ [38/42] Built Cache.Upload (546ms)
✔ [39/42] Built Cache.Upload:c.o (116ms)
✔ [40/42] Built Cache.Main (1.2s)
✔ [41/42] Built Cache.Main:c.o (1.5s)
✖ [42/42] Building cache:exe (58ms)
trace: .> /workspace/scratch/0a42b15a2c38/audit_convergence/runtime/lean-4.34.0-linux/bin/clang -o /workspace/scratch/0a42b15a2c38/audit_convergence/reproduction/formal-science/.lake/packages/mathlib/.lake/build/bin/cache @/workspace/scratch/0a42b15a2c38/audit_convergence/reproduction/formal-science/.lake/packages/mathlib/.lake/build/bin/cache.rsp
info: stderr:
ld.lld: error: /workspace/scratch/0a42b15a2c38/audit_convergence/runtime/lean-4.34.0-linux/lib/lean/libLean.a: Archive::children failed: truncated or malformed archive (offset to next archive member past the end of the archive after member MutualInductive.c.o.export)
clang: error: linker command failed with exit code 1 (use -v to see invocation)
error: external command '/workspace/scratch/0a42b15a2c38/audit_convergence/runtime/lean-4.34.0-linux/bin/clang' exited with code 1
Some required targets logged failures:
- cache:exe
error: build failed
